// Jest Snapshot v1, https://goo.gl/fbAQLP

exports[`renders the PokeCard 1`] = `
Object {
  "asFragment": [Function],
  "baseElement": <body>
    <div>
      <div
        class="pokecard"
      >
        <h2>
           Name: 
          pikachu
           
        </h2>
        <img
          src="blah"
        />
        <div
          class="stats"
        >
          <h3>
             Type: 
            electric
             
          </h3>
          <h3>
             Speed: 
            slow
             
          </h3>
          <h3>
             Attack: 
            blah blah
             
          </h3>
          <h3>
             Defense: 
            blah
             
          </h3>
        </div>
      </div>
    </div>
  </body>,
  "container": <div>
    <div
      class="pokecard"
    >
      <h2>
         Name: 
        pikachu
         
      </h2>
      <img
        src="blah"
      />
      <div
        class="stats"
      >
        <h3>
           Type: 
          electric
           
        </h3>
        <h3>
           Speed: 
          slow
           
        </h3>
        <h3>
           Attack: 
          blah blah
           
        </h3>
        <h3>
           Defense: 
          blah
           
        </h3>
      </div>
    </div>
  </div>,
  "debug": [Function],
  "findAllByAltText": [Function],
  "findAllByDisplayValue": [Function],
  "findAllByLabelText": [Function],
  "findAllByPlaceholderText": [Function],
  "findAllByRole": [Function],
  "findAllByTestId": [Function],
  "findAllByText": [Function],
  "findAllByTitle": [Function],
  "findByAltText": [Function],
  "findByDisplayValue": [Function],
  "findByLabelText": [Function],
  "findByPlaceholderText": [Function],
  "findByRole": [Function],
  "findByTestId": [Function],
  "findByText": [Function],
  "findByTitle": [Function],
  "getAllByAltText": [Function],
  "getAllByDisplayValue": [Function],
  "getAllByLabelText": [Function],
  "getAllByPlaceholderText": [Function],
  "getAllByRole": [Function],
  "getAllByTestId": [Function],
  "getAllByText": [Function],
  "getAllByTitle": [Function],
  "getByAltText": [Function],
  "getByDisplayValue": [Function],
  "getByLabelText": [Function],
  "getByPlaceholderText": [Function],
  "getByRole": [Function],
  "getByTestId": [Function],
  "getByText": [Function],
  "getByTitle": [Function],
  "queryAllByAltText": [Function],
  "queryAllByDisplayValue": [Function],
  "queryAllByLabelText": [Function],
  "queryAllByPlaceholderText": [Function],
  "queryAllByRole": [Function],
  "queryAllByTestId": [Function],
  "queryAllByText": [Function],
  "queryAllByTitle": [Function],
  "queryByAltText": [Function],
  "queryByDisplayValue": [Function],
  "queryByLabelText": [Function],
  "queryByPlaceholderText": [Function],
  "queryByRole": [Function],
  "queryByTestId": [Function],
  "queryByText": [Function],
  "queryByTitle": [Function],
  "rerender": [Function],
  "unmount": [Function],
}
`;
